LTspice 26.0.2 for Windows
Circuit: C:\users\CuadradoGris\Documents\TDCE\Regulador_Diferencial.net
Start Time: Sat Aug 29 18:30:06 2026
solver = Normal
Maximum thread count: 8
tnom = 27
temp = 27
method = trap
.step rl=0.001
.step rl=0.00316227766016838
.step rl=0.01
.step rl=0.0316227766016838
.step rl=0.1
.step rl=0.316227766016838
.step rl=1
.step rl=3.16227766016838
.step rl=10
.step rl=31.6227766016838
.step rl=100
.step rl=316.227766016838
.step rl=1000
.step rl=3162.27766016838
.step rl=10000
Total elapsed time: 1.163 seconds.

Files loaded:
C:\users\CuadradoGris\Documents\TDCE\Regulador_Diferencial.net
C:\users\CuadradoGris\AppData\Local\LTspice\lib\cmp\standard.bjt

