LTspice 26.0.2 for Windows
Circuit: C:\users\CuadradoGris\Documents\TDCE\Regulador_Diferencial_MOS.net
Start Time: Mon Aug 31 13:04:30 2026
solver = Normal
Maximum thread count: 8
tnom = 27
temp = 27
method = trap
.step rl=0.001
.step rl=0.01
.step rl=0.1
.step rl=1
.step rl=10
.step rl=100
.step rl=1000
.step rl=10000
Total elapsed time: 1.073 seconds.

Files loaded:
C:\users\CuadradoGris\Documents\TDCE\Regulador_Diferencial_MOS.net
C:\users\CuadradoGris\AppData\Local\LTspice\lib\cmp\standard.mos

