LTspice 24.0.11 for Windows
Circuit: * C:\Users\Sat\Desktop\TDCE-Luchardo\Regulador_MOS.asc
Start Time: Sun Sep 27 12:28:35 2026
Error on line 1 : .model irf9z34n pmos (  level=3  vto=-4.0  kp=7.5  l=2u  w=27u  rg=10  rds=2.2meg  rd=60.0m  rs=10.0m  is=1e-14  n=1  tox=0  xj=0  cgdo=1.14n  cgso=1.18n  cbd=1.15n  mj=0.5  pb=0.8  rg=4.5  rb=10m  v_br=55 )
	* Unrecognized parameter "v_br" -- ignored
solver = Normal
Maximum thread count: 4
tnom = 27
temp = 27
method = modified trap
Limiting rise time of source v1 to 1.95156e-19
Limiting fall time of source v1 to 1.95156e-19
WARNING: Node N016 is floating.

WARNING: Less than two connections to node nc_01.  This node is used by l2.
WARNING: Less than two connections to node n012.  This node is used by v1.
Direct Newton iteration failed to find .op point.  (Use ".option noopiter" to skip.)
Starting Gmin stepping
Gmin = 10
Gmin = 1.07374
Gmin = 0.115292
Gmin = 0.0123794
Gmin = 0.00132923
Gmin = 0.000142725
Gmin = 1.5325e-05
vernier = 0.5
vernier = 0.25
vernier = 0.125
vernier = 0.0625
vernier = 0.03125
Gmin = 8.7182e-06
vernier = 0.015625
vernier = 0.0078125
vernier = 0.0104167
Gmin = 8.56645e-06
vernier = 0.0138889
vernier = 0.0185185
Gmin = 8.28656e-06
vernier = 0.0246913
Gmin = 7.85202e-06
vernier = 0.0329218
vernier = 0.0438957
Gmin = 7.19002e-06
vernier = 0.0585276
vernier = 0.0780367
Gmin = 6.25559e-06
vernier = 0.104049
Gmin = 4.99517e-06
vernier = 0.138732
vernier = 0.184976
Gmin = 3.46461e-06
vernier = 0.246634
vernier = 0.328846
Gmin = 1.95225e-06
vernier = 0.438461
Gmin = 7.81829e-07
vernier = 0.584614
vernier = 0.779486
Gmin = 1.82188e-07
vernier = 1
Gmin = 2.23968e-08
Gmin = 2.40484e-09
Gmin = 2.58217e-10
Gmin = 2.77259e-11
Gmin = 2.97704e-12
Gmin = 3.19657e-13
Gmin = 0
Gmin stepping succeeded in finding the operating point.

Total elapsed time: 0.454 seconds.

